2026-02-24 22:34:39.235 [background-preinit] INFO  org.hibernate.validator.internal.util.Version - HV000001: Hibernate Validator 8.0.2.Final
2026-02-24 22:34:39.267 [main] INFO  com.quanxiaoha.ai.robot.XiaohaAiRobotSpringApplication - Starting XiaohaAiRobotSpringApplication using Java 21.0.6 with PID 23632 (D:\code\xiaoha-ai-robot\project\xiaoha-ai-robot-spring\target\classes started by czj13 in D:\code\xiaoha-ai-robot\project\xiaoha-ai-robot-spring)
2026-02-24 22:34:39.273 [main] INFO  com.quanxiaoha.ai.robot.XiaohaAiRobotSpringApplication - The following 1 profile is active: "dev"
2026-02-24 22:34:40.576 [main] INFO  org.springframework.boot.web.embedded.tomcat.TomcatWebServer - Tomcat initialized with port 8080 (http)
2026-02-24 22:34:40.588 [main] INFO  org.apache.coyote.http11.Http11NioProtocol - Initializing ProtocolHandler ["http-nio-8080"]
2026-02-24 22:34:40.589 [main] INFO  org.apache.catalina.core.StandardService - Starting service [Tomcat]
2026-02-24 22:34:40.589 [main] INFO  org.apache.catalina.core.StandardEngine - Starting Servlet engine: [Apache Tomcat/10.1.40]
2026-02-24 22:34:40.631 [main] INFO  org.apache.catalina.core.ContainerBase.[Tomcat].[localhost].[/] - Initializing Spring embedded WebApplicationContext
2026-02-24 22:34:40.631 [main] INFO  org.springframework.boot.web.servlet.context.ServletWebServerApplicationContext - Root WebApplicationContext: initialization completed in 1328 ms
2026-02-24 22:34:41.389 [main] INFO  org.springframework.ai.vectorstore.pgvector.PgVectorStore - Using the vector table name: t_vector_store. Is empty: false
2026-02-24 22:34:41.393 [main] INFO  org.springframework.ai.vectorstore.pgvector.PgVectorStore - Initializing PGVectorStore schema for table: t_vector_store in schema: public
2026-02-24 22:34:41.393 [main] INFO  org.springframework.ai.vectorstore.pgvector.PgVectorStore - vectorTableValidationsEnabled false
2026-02-24 22:34:41.830 [main] INFO  com.baomidou.mybatisplus.extension.spring.MybatisPlusApplicationContextAware - Register ApplicationContext instances org.springframework.boot.web.servlet.context.AnnotationConfigServletWebServerApplicationContext@2516fc68
2026-02-24 22:34:41.930 [main] INFO  org.apache.coyote.http11.Http11NioProtocol - Starting ProtocolHandler ["http-nio-8080"]
2026-02-24 22:34:41.938 [main] INFO  org.springframework.boot.web.embedded.tomcat.TomcatWebServer - Tomcat started on port 8080 (http) with context path '/'
2026-02-24 22:34:41.943 [main] INFO  com.quanxiaoha.ai.robot.XiaohaAiRobotSpringApplication - Started XiaohaAiRobotSpringApplication in 2.988 seconds (process running for 4.0)
2026-02-24 22:34:56.131 [http-nio-8080-exec-1] INFO  org.apache.catalina.core.ContainerBase.[Tomcat].[localhost].[/] - Initializing Spring DispatcherServlet 'dispatcherServlet'
2026-02-24 22:34:56.132 [http-nio-8080-exec-1] INFO  org.springframework.web.servlet.DispatcherServlet - Initializing Servlet 'dispatcherServlet'
2026-02-24 22:34:56.133 [http-nio-8080-exec-1] INFO  org.springframework.web.servlet.DispatcherServlet - Completed initialization in 1 ms
2026-02-24 22:34:56.251 [http-nio-8080-exec-1] INFO  com.quanxiaoha.ai.robot.aspect.ApiOperationLogAspect - ====== 请求开始: [删除 Markdown 文件], 入参: {"id":9}, 请求类: AiCustomerServiceController, 请求方法: deleteMarkdownFile =================================== 
2026-02-24 22:34:56.270 [http-nio-8080-exec-1] INFO  com.zaxxer.hikari.HikariDataSource - AI-Robot-HikariCP - Starting...
2026-02-24 22:34:56.460 [http-nio-8080-exec-1] INFO  com.zaxxer.hikari.pool.HikariPool - AI-Robot-HikariCP - Added connection com.p6spy.engine.wrapper.ConnectionWrapper@11e35784
2026-02-24 22:34:56.462 [http-nio-8080-exec-1] INFO  com.zaxxer.hikari.HikariDataSource - AI-Robot-HikariCP - Start completed.
2026-02-24 22:34:56.581 [http-nio-8080-exec-1] INFO  com.quanxiaoha.ai.robot.aspect.ApiOperationLogAspect - ====== 请求结束: [删除 Markdown 文件], 耗时: 338ms, 出参: {"success":true,"message":null,"errorCode":null,"data":null} =================================== 
2026-02-24 22:35:20.344 [http-nio-8080-exec-3] INFO  com.quanxiaoha.ai.robot.service.impl.CustomerServiceImpl - ## Markdown 问答文件存储成功, 文件名：example.md -> 存储路径：D:\code\xiaoha-ai-robot\md_files\1cdb2701-b518-4053-86e5-2da46930aca4-example.md
2026-02-24 22:35:20.423 [event-handler-1] INFO  com.quanxiaoha.ai.robot.event.listener.AiCustomerServiceMdUploadedListener - ## AiCustomerServiceMdUploadedEvent: AiCustomerServiceMdUploadedEvent(id=10, filePath=D:\code\xiaoha-ai-robot\md_files\1cdb2701-b518-4053-86e5-2da46930aca4-example.md, metadatas={originalFileName=example.md, mdStorageId=10})
2026-02-24 22:35:20.473 [event-handler-1] INFO  com.quanxiaoha.ai.robot.event.listener.AiCustomerServiceMdUploadedListener - ## documents: [Document{id='631e7c60-e2fb-4b0d-9f4a-e01eded46dbb', text='长风浩浩送晚秋', media='null', metadata={originalFileName=example.md, mdStorageId=10}, score=null}]
2026-02-24 22:36:41.166 [http-nio-8080-exec-5] INFO  com.quanxiaoha.ai.robot.aspect.ApiOperationLogAspect - ====== 请求开始: [查询历史对话], 入参: {"current":1,"size":20}, 请求类: ChatController, 请求方法: findChatHistoryPageList =================================== 
2026-02-24 22:36:41.310 [http-nio-8080-exec-5] INFO  com.quanxiaoha.ai.robot.aspect.ApiOperationLogAspect - ====== 请求结束: [查询历史对话], 耗时: 142ms, 出参: {"success":true,"message":null,"errorCode":null,"data":[{"id":3,"uuid":"7d75a16e-8acd-43c3-80f2-81faa1afae48","summary":"你好，你是哪家的模型？","updateTime":"2026-02-23 03:11:49"},{"id":2,"uuid":"dacec278-25fa-49d2-a1b4-34f34dbd9644","summary":"你好","updateTime":"2026-02-23 03:04:44"}],"total":2,"size":20,"current":1,"pages":1} =================================== 
2026-02-24 22:38:22.525 [http-nio-8080-exec-6] INFO  com.quanxiaoha.ai.robot.aspect.ApiOperationLogAspect - ====== 请求开始: [查询历史对话], 入参: {"current":1,"size":20}, 请求类: ChatController, 请求方法: findChatHistoryPageList =================================== 
2026-02-24 22:38:22.540 [http-nio-8080-exec-6] INFO  com.quanxiaoha.ai.robot.aspect.ApiOperationLogAspect - ====== 请求结束: [查询历史对话], 耗时: 15ms, 出参: {"success":true,"message":null,"errorCode":null,"data":[{"id":3,"uuid":"7d75a16e-8acd-43c3-80f2-81faa1afae48","summary":"你好，你是哪家的模型？","updateTime":"2026-02-23 03:11:49"},{"id":2,"uuid":"dacec278-25fa-49d2-a1b4-34f34dbd9644","summary":"你好","updateTime":"2026-02-23 03:04:44"}],"total":2,"size":20,"current":1,"pages":1} =================================== 
2026-02-24 23:00:09.686 [http-nio-8080-exec-7] INFO  com.quanxiaoha.ai.robot.aspect.ApiOperationLogAspect - ====== 请求开始: [查询历史对话], 入参: {"current":1,"size":20}, 请求类: ChatController, 请求方法: findChatHistoryPageList =================================== 
2026-02-24 23:00:09.714 [http-nio-8080-exec-7] INFO  com.quanxiaoha.ai.robot.aspect.ApiOperationLogAspect - ====== 请求结束: [查询历史对话], 耗时: 29ms, 出参: {"success":true,"message":null,"errorCode":null,"data":[{"id":3,"uuid":"7d75a16e-8acd-43c3-80f2-81faa1afae48","summary":"你好，你是哪家的模型？","updateTime":"2026-02-23 03:11:49"},{"id":2,"uuid":"dacec278-25fa-49d2-a1b4-34f34dbd9644","summary":"你好","updateTime":"2026-02-23 03:04:44"}],"total":2,"size":20,"current":1,"pages":1} =================================== 
2026-02-24 23:12:00.861 [http-nio-8080-exec-9] INFO  com.quanxiaoha.ai.robot.aspect.ApiOperationLogAspect - ====== 请求开始: [查询历史对话], 入参: {"current":1,"size":20}, 请求类: ChatController, 请求方法: findChatHistoryPageList =================================== 
2026-02-24 23:12:00.882 [http-nio-8080-exec-9] INFO  com.quanxiaoha.ai.robot.aspect.ApiOperationLogAspect - ====== 请求结束: [查询历史对话], 耗时: 20ms, 出参: {"success":true,"message":null,"errorCode":null,"data":[{"id":3,"uuid":"7d75a16e-8acd-43c3-80f2-81faa1afae48","summary":"你好，你是哪家的模型？","updateTime":"2026-02-23 03:11:49"},{"id":2,"uuid":"dacec278-25fa-49d2-a1b4-34f34dbd9644","summary":"你好","updateTime":"2026-02-23 03:04:44"}],"total":2,"size":20,"current":1,"pages":1} =================================== 
2026-02-24 23:12:48.104 [http-nio-8080-exec-10] INFO  com.quanxiaoha.ai.robot.aspect.ApiOperationLogAspect - ====== 请求开始: [查询历史对话], 入参: {"current":1,"size":20}, 请求类: ChatController, 请求方法: findChatHistoryPageList =================================== 
2026-02-24 23:12:48.113 [http-nio-8080-exec-10] INFO  com.quanxiaoha.ai.robot.aspect.ApiOperationLogAspect - ====== 请求结束: [查询历史对话], 耗时: 11ms, 出参: {"success":true,"message":null,"errorCode":null,"data":[{"id":3,"uuid":"7d75a16e-8acd-43c3-80f2-81faa1afae48","summary":"你好，你是哪家的模型？","updateTime":"2026-02-23 03:11:49"},{"id":2,"uuid":"dacec278-25fa-49d2-a1b4-34f34dbd9644","summary":"你好","updateTime":"2026-02-23 03:04:44"}],"total":2,"size":20,"current":1,"pages":1} =================================== 
2026-02-24 23:42:30.206 [http-nio-8080-exec-8] INFO  com.quanxiaoha.ai.robot.aspect.ApiOperationLogAspect - ====== 请求开始: [查询历史对话], 入参: {"current":1,"size":20}, 请求类: ChatController, 请求方法: findChatHistoryPageList =================================== 
2026-02-24 23:42:30.232 [http-nio-8080-exec-8] INFO  com.quanxiaoha.ai.robot.aspect.ApiOperationLogAspect - ====== 请求结束: [查询历史对话], 耗时: 27ms, 出参: {"success":true,"message":null,"errorCode":null,"data":[{"id":3,"uuid":"7d75a16e-8acd-43c3-80f2-81faa1afae48","summary":"你好，你是哪家的模型？","updateTime":"2026-02-23 03:11:49"},{"id":2,"uuid":"dacec278-25fa-49d2-a1b4-34f34dbd9644","summary":"你好","updateTime":"2026-02-23 03:04:44"}],"total":2,"size":20,"current":1,"pages":1} =================================== 
2026-02-24 23:43:51.818 [http-nio-8080-exec-2] INFO  com.quanxiaoha.ai.robot.aspect.ApiOperationLogAspect - ====== 请求开始: [查询历史对话], 入参: {"current":1,"size":20}, 请求类: ChatController, 请求方法: findChatHistoryPageList =================================== 
2026-02-24 23:43:51.831 [http-nio-8080-exec-2] INFO  com.quanxiaoha.ai.robot.aspect.ApiOperationLogAspect - ====== 请求结束: [查询历史对话], 耗时: 13ms, 出参: {"success":true,"message":null,"errorCode":null,"data":[{"id":3,"uuid":"7d75a16e-8acd-43c3-80f2-81faa1afae48","summary":"你好，你是哪家的模型？","updateTime":"2026-02-23 03:11:49"},{"id":2,"uuid":"dacec278-25fa-49d2-a1b4-34f34dbd9644","summary":"你好","updateTime":"2026-02-23 03:04:44"}],"total":2,"size":20,"current":1,"pages":1} =================================== 
2026-02-24 23:56:26.720 [http-nio-8080-exec-1] INFO  com.quanxiaoha.ai.robot.aspect.ApiOperationLogAspect - ====== 请求开始: [查询历史对话], 入参: {"current":1,"size":20}, 请求类: ChatController, 请求方法: findChatHistoryPageList =================================== 
2026-02-24 23:56:26.731 [http-nio-8080-exec-1] INFO  com.quanxiaoha.ai.robot.aspect.ApiOperationLogAspect - ====== 请求结束: [查询历史对话], 耗时: 11ms, 出参: {"success":true,"message":null,"errorCode":null,"data":[{"id":3,"uuid":"7d75a16e-8acd-43c3-80f2-81faa1afae48","summary":"你好，你是哪家的模型？","updateTime":"2026-02-23 03:11:49"},{"id":2,"uuid":"dacec278-25fa-49d2-a1b4-34f34dbd9644","summary":"你好","updateTime":"2026-02-23 03:04:44"}],"total":2,"size":20,"current":1,"pages":1} =================================== 
